final_allotment_result_for_special_stray_round_2023.pdf: parsed 302 rows
final_result_of_round_5_for_bds_and_bsc_nursing.pdf: parsed 306 rows
clear_vacancy_for_stray_round_ug_counselling_2023.pdf: parsed 0 rows
final_seat_matrix_for_all_india_except_central_university_bd.pdf: parsed 0 rows
final_seat_matrix_for_b_sc_nursing_neet_ug_round_1.pdf: parsed 0 rows
final_seat_matrix_for_central_university_bds_round_1.pdf: parsed 0 rows
final_seat_matrix_for_central_university_mbbs_round_1.pdf: parsed 0 rows
final_seat_matrix_for_central_university_round_1_mbbs_bds_ug.pdf: parsed 0 rows
final_seat_matrix_for_deemed_bds_round_1.pdf: parsed 0 rows
final_seat_matrix_for_deemed_mbbs_round_1.pdf: parsed 0 rows
final_seat_matrix_for_employees_state_insurance_scheme_mbbs_.pdf: parsed 0 rows
final_seat_matrix_for_jamia_bds_round_1.pdf: parsed 0 rows
final_seat_matrix_for_jipmer_mbbs_round_1.pdf: parsed 0 rows
final_seat_matrix_for_open_seats_all_india_institute_of_medi.pdf: parsed 0 rows
final_seat_matrix_for_round_1_aiims_mbbs_ug_2023.pdf: parsed 0 rows
final_seat_matrix_for_round_1_deeemd_universities_mbbs_bds_u.pdf: parsed 0 rows
final_seat_matrix_for_round_1_jipmer_mbbs_ug_2023.pdf: parsed 0 rows
indian_to_nri_candidates_list_for_special_stray_round_mbbs.pdf: parsed 0 rows
nri_list_of_eligible_candidates_for_ug_2023_round_2.pdf: parsed 0 rows
clear_vacancy_round_3_ug_2023.pdf: parsed 0 rows
nri_list_of_eligible_candidates_for_ug_round_1.pdf: parsed 0 rows
nri_list_of_eligible_candidates_for_ug_round_3.pdf: parsed 0 rows
provisional_result_for_neet_ug_special_stray.pdf: parsed 302 rows
seats_matrix_round_2_only_newly_added_seats.pdf: parsed 0 rows
seats_matrix_round_3_only_newly_added_seats.pdf: parsed 0 rows
clear_vacancy_round_2_ug_2023.pdf: parsed 0 rows
seat_matrix_for_bds_and_bsc_nursing_for_neet_ug_round_5_bds_.pdf: parsed 0 rows
seat_matrix_for_bds_and_bsc_nursing_for_neet_ug_round_6_bds_.pdf: parsed 0 rows
special_stray_vacancy_round_for_ug_counselling_2023.pdf: parsed 0 rows
seat_matrix_for_mbbs_neet_ug_round_6_mbbs_counselling_2023.pdf: parsed 0 rows
updated_final_seat_matrix_for_all_india_except_central_unive.pdf: parsed 0 rows
virtual_vacancy_round_2_ug_2023.pdf: parsed 0 rows
result_of_stray_vacancy_round_ug_2023.pdf: parsed 2140 rows
clear_vacancy_for_stray_round_ug_counselling_2024.pdf: parsed 0 rows
virtual_vacancy_round_3_ug_2023.pdf: parsed 0 rows
clear_vacancy_round_3_ug_counselling_2024.pdf: parsed 0 rows
clear_vacancy_round_2_ug_counselling_2024_mbbs_bds_b_sc_nurs.pdf: parsed 0 rows
final_allotment_result_for_ug_special_stray_vacancy_round_20.pdf: parsed 307 rows
final_result_for_special_stray_vacancy_round_ii_of_ug_counse.pdf: parsed 25 rows
final_allotment_result_for_stray_vacancy_round_ug_counsellin.pdf: parsed 1058 rows
final_seat_matrix_for_all_india_institute_of_medical_science.pdf: parsed 0 rows
final_seat_matrix_for_all_india_quota_except_central_univers.pdf: parsed 0 rows
final_seat_matrix_for_b_sc_nursing_round_1_ug_2024.pdf: parsed 0 rows
final_seat_matrix_for_deemed_round_1_ug_2024_bds.pdf: parsed 0 rows
final_seat_matrix_for_deemed_round_1_ug_2024_mbbs.pdf: parsed 0 rows
final_seat_matrix_for_employees_state_insurance_scheme_round.pdf: parsed 0 rows
final_seat_matrix_for_jipmer_mbbs_round_1_ug_2024_mbbs.pdf: parsed 0 rows
